// Jest Snapshot v1, https://goo.gl/fbAQLP

exports[`<LoadingIndicator /> render without error 1`] = `
.c0 {
  margin: 0 auto;
  border: 8px solid darkgrey;
  border-radius: 50%;
  border-top: 8px solid dodgerblue;
  width: 60px;
  height: 60px;
  -webkit-animation: iECmZH 2s linear infinite;
  animation: iECmZH 2s linear infinite;
}

<div
  className="c0"
/>
`;
