// Jest Snapshot v1, https://goo.gl/fbAQLP

exports[`<Wrapper /> render without error 1`] = `
<div
  className="sc-bdVaJa dtFzvq"
/>
`;
