// Jest Snapshot v1, https://goo.gl/fbAQLP

exports[`<NavigationBar /> render without error 1`] = `
.c0 {
  display: -webkit-box;
  display: -webkit-flex;
  display: -ms-flexbox;
  display: flex;
  -webkit-box-pack: justify;
  -webkit-justify-content: space-between;
  -ms-flex-pack: justify;
  justify-content: space-between;
  padding: 15px 50px;
  background-color: darkgrey;
}

.c0 span {
  color: dimgrey;
  font-weight: 500;
}

<footer
  className="c0"
/>
`;
